2026-04-30 07:35:47,080 INFO MT5 CONNECTED SUCCESSFULLY
2026-04-30 07:35:47,080 INFO Live Engine Started
2026-04-30 07:35:47,096 INFO Checking for new candle...
2026-04-30 07:35:49,601 INFO Checking for new candle...
2026-04-30 07:35:52,117 INFO Checking for new candle...
2026-04-30 07:35:54,622 INFO Checking for new candle...
2026-04-30 07:35:57,128 INFO Checking for new candle...
2026-04-30 07:35:59,637 INFO Checking for new candle...
2026-04-30 07:36:02,145 INFO Checking for new candle...
2026-04-30 07:36:04,655 INFO Checking for new candle...
2026-04-30 07:36:07,169 INFO Checking for new candle...
2026-04-30 07:36:09,679 INFO Checking for new candle...
2026-04-30 07:36:12,192 INFO Checking for new candle...
2026-04-30 07:36:14,699 INFO Checking for new candle...
2026-04-30 07:36:17,211 INFO Checking for new candle...
2026-04-30 07:36:19,729 INFO Checking for new candle...
2026-04-30 07:36:22,236 INFO Checking for new candle...
2026-04-30 07:36:24,741 INFO Checking for new candle...
2026-04-30 07:36:27,248 INFO Checking for new candle...
2026-04-30 07:36:29,762 INFO Checking for new candle...
2026-04-30 07:36:32,267 INFO Checking for new candle...
2026-04-30 07:36:34,771 INFO Checking for new candle...
2026-04-30 07:36:37,289 INFO Checking for new candle...
2026-04-30 07:36:39,793 INFO Checking for new candle...
2026-04-30 07:36:42,314 INFO Checking for new candle...
2026-04-30 07:36:44,819 INFO Checking for new candle...
2026-04-30 07:36:47,329 INFO Checking for new candle...
2026-04-30 07:36:49,846 INFO Checking for new candle...
2026-04-30 07:36:52,356 INFO Checking for new candle...
2026-04-30 07:36:54,865 INFO Checking for new candle...
2026-04-30 07:36:57,374 INFO Checking for new candle...
2026-04-30 07:36:59,882 INFO Checking for new candle...
2026-04-30 07:37:02,389 INFO Checking for new candle...
2026-04-30 07:37:04,900 INFO Checking for new candle...
2026-04-30 07:37:07,412 INFO Checking for new candle...
2026-04-30 07:37:09,935 INFO Checking for new candle...
2026-04-30 07:37:12,496 INFO Checking for new candle...
2026-04-30 07:37:15,006 INFO Checking for new candle...
2026-04-30 07:37:17,526 INFO Checking for new candle...
2026-04-30 07:37:20,039 INFO Checking for new candle...
2026-04-30 07:37:22,561 INFO Checking for new candle...
2026-04-30 07:37:25,233 INFO Checking for new candle...
2026-04-30 07:37:27,743 INFO Checking for new candle...
2026-04-30 07:37:30,247 INFO Checking for new candle...
2026-04-30 07:37:32,750 INFO Checking for new candle...
2026-04-30 07:37:35,254 INFO Checking for new candle...
2026-04-30 07:37:37,767 INFO Checking for new candle...
2026-04-30 07:37:40,272 INFO Checking for new candle...
2026-04-30 07:37:42,778 INFO Checking for new candle...
2026-04-30 07:37:45,281 INFO Checking for new candle...
2026-04-30 07:37:47,791 INFO Checking for new candle...
2026-04-30 07:37:50,302 INFO Checking for new candle...
2026-04-30 07:37:52,823 INFO Checking for new candle...
2026-04-30 07:37:55,329 INFO Checking for new candle...
2026-04-30 07:37:57,849 INFO Checking for new candle...
2026-04-30 07:38:00,362 INFO Checking for new candle...
2026-04-30 07:38:02,904 INFO Checking for new candle...
2026-04-30 07:38:05,416 INFO Checking for new candle...
2026-04-30 07:38:07,921 INFO Checking for new candle...
2026-04-30 07:38:10,432 INFO Checking for new candle...
2026-04-30 07:38:12,947 INFO Checking for new candle...
2026-04-30 07:38:15,457 INFO Checking for new candle...
2026-04-30 07:38:17,963 INFO Checking for new candle...
2026-04-30 07:38:20,475 INFO Checking for new candle...
2026-04-30 07:38:22,990 INFO Checking for new candle...
2026-04-30 07:38:25,508 INFO Checking for new candle...
2026-04-30 07:38:28,014 INFO Checking for new candle...
2026-04-30 07:38:30,526 INFO Checking for new candle...
2026-04-30 07:38:33,036 INFO Checking for new candle...
2026-04-30 07:38:35,562 INFO Checking for new candle...
2026-04-30 07:38:38,067 INFO Checking for new candle...
2026-04-30 07:38:40,575 INFO Checking for new candle...
2026-04-30 07:38:43,090 INFO Checking for new candle...
2026-04-30 07:38:45,601 INFO Checking for new candle...
2026-04-30 07:38:48,113 INFO Checking for new candle...
2026-04-30 07:38:50,631 INFO Checking for new candle...
2026-04-30 07:38:53,145 INFO Checking for new candle...
2026-04-30 07:38:55,661 INFO Checking for new candle...
2026-04-30 07:38:58,173 INFO Checking for new candle...
2026-04-30 07:39:00,688 INFO Checking for new candle...
2026-04-30 07:39:03,203 INFO Checking for new candle...
2026-04-30 07:39:05,716 INFO Checking for new candle...
2026-04-30 07:39:08,227 INFO Checking for new candle...
2026-04-30 07:39:10,731 INFO Checking for new candle...
2026-04-30 07:39:13,243 INFO Checking for new candle...
2026-04-30 07:39:15,758 INFO Checking for new candle...
2026-04-30 07:39:18,266 INFO Checking for new candle...
2026-04-30 07:39:20,772 INFO Checking for new candle...
2026-04-30 07:39:23,277 INFO Checking for new candle...
2026-04-30 07:39:25,792 INFO Checking for new candle...
2026-04-30 07:39:28,307 INFO Checking for new candle...
2026-04-30 07:39:30,835 INFO Checking for new candle...
2026-04-30 07:39:33,340 INFO Checking for new candle...
2026-04-30 07:39:35,851 INFO Checking for new candle...
2026-04-30 07:39:38,367 INFO Checking for new candle...
2026-04-30 07:39:40,896 INFO Checking for new candle...
2026-04-30 07:39:43,404 INFO Checking for new candle...
2026-04-30 07:39:45,916 INFO Checking for new candle...
2026-04-30 07:39:48,421 INFO Checking for new candle...
2026-04-30 07:39:50,939 INFO Checking for new candle...
2026-04-30 07:39:53,450 INFO Checking for new candle...
2026-04-30 07:39:55,981 INFO Checking for new candle...
2026-04-30 07:39:58,490 INFO Checking for new candle...
2026-04-30 07:40:00,996 INFO Checking for new candle...
2026-04-30 07:40:03,506 INFO Checking for new candle...
2026-04-30 07:40:06,023 INFO Checking for new candle...
2026-04-30 07:40:08,529 INFO Checking for new candle...
2026-04-30 07:40:11,036 INFO Checking for new candle...
2026-04-30 07:40:13,561 INFO Checking for new candle...
2026-04-30 07:40:16,069 INFO Checking for new candle...
2026-04-30 07:40:18,576 INFO Checking for new candle...
2026-04-30 07:40:21,091 INFO Checking for new candle...
2026-04-30 07:40:23,663 INFO Checking for new candle...
2026-04-30 07:40:26,181 INFO Checking for new candle...
2026-04-30 07:40:28,684 INFO Checking for new candle...
2026-04-30 07:40:31,193 INFO Checking for new candle...
2026-04-30 07:40:33,697 INFO Checking for new candle...
2026-04-30 07:40:36,220 INFO Checking for new candle...
2026-04-30 07:40:38,763 INFO Checking for new candle...
2026-04-30 07:40:41,287 INFO Checking for new candle...
2026-04-30 07:40:43,798 INFO Checking for new candle...
2026-04-30 07:40:46,306 INFO Checking for new candle...
2026-04-30 07:40:48,815 INFO Checking for new candle...
2026-04-30 07:40:51,322 INFO Checking for new candle...
2026-04-30 07:40:53,895 INFO Checking for new candle...
2026-04-30 07:40:56,404 INFO Checking for new candle...
2026-04-30 07:40:58,910 INFO Checking for new candle...
2026-04-30 07:41:01,428 INFO Checking for new candle...
2026-04-30 07:41:03,980 INFO Checking for new candle...
2026-04-30 07:41:06,492 INFO Checking for new candle...
2026-04-30 07:41:08,997 INFO Checking for new candle...
2026-04-30 07:41:11,514 INFO Checking for new candle...
2026-04-30 07:41:14,073 INFO Checking for new candle...
2026-04-30 07:41:16,578 INFO Checking for new candle...
2026-04-30 07:41:19,086 INFO Checking for new candle...
2026-04-30 07:41:21,591 INFO Checking for new candle...
2026-04-30 07:41:24,098 INFO Checking for new candle...
2026-04-30 07:41:26,667 INFO Checking for new candle...
2026-04-30 07:41:29,177 INFO Checking for new candle...
2026-04-30 07:41:31,683 INFO Checking for new candle...
2026-04-30 07:41:34,198 INFO Checking for new candle...
2026-04-30 07:41:36,710 INFO Checking for new candle...
2026-04-30 07:41:39,220 INFO Checking for new candle...
2026-04-30 07:41:41,744 INFO Checking for new candle...
2026-04-30 07:41:44,280 INFO Checking for new candle...
2026-04-30 07:41:46,784 INFO Checking for new candle...
2026-04-30 07:41:49,287 INFO Checking for new candle...
2026-04-30 07:41:51,790 INFO Checking for new candle...
2026-04-30 07:41:54,299 INFO Checking for new candle...
2026-04-30 07:41:56,811 INFO Checking for new candle...
2026-04-30 07:41:59,325 INFO Checking for new candle...
2026-04-30 07:42:01,832 INFO Checking for new candle...
2026-04-30 07:42:04,343 INFO Checking for new candle...
2026-04-30 07:42:06,852 INFO Checking for new candle...
2026-04-30 07:42:09,369 INFO Checking for new candle...
2026-04-30 07:42:11,887 INFO Checking for new candle...
2026-04-30 07:42:14,398 INFO Checking for new candle...
2026-04-30 07:42:16,905 INFO Checking for new candle...
2026-04-30 07:42:19,414 INFO Checking for new candle...
2026-04-30 07:42:21,918 INFO Checking for new candle...
2026-04-30 07:42:24,426 INFO Checking for new candle...
2026-04-30 07:42:26,937 INFO Checking for new candle...
2026-04-30 07:42:29,443 INFO Checking for new candle...
2026-04-30 07:42:31,952 INFO Checking for new candle...
2026-04-30 07:42:34,488 INFO Checking for new candle...
2026-04-30 07:42:36,995 INFO Checking for new candle...
2026-04-30 07:42:39,504 INFO Checking for new candle...
2026-04-30 07:42:42,014 INFO Checking for new candle...
2026-04-30 07:42:44,523 INFO Checking for new candle...
2026-04-30 07:42:47,027 INFO Checking for new candle...
2026-04-30 07:42:49,532 INFO Checking for new candle...
2026-04-30 07:42:52,055 INFO Checking for new candle...
2026-04-30 07:42:54,581 INFO Checking for new candle...
2026-04-30 07:42:57,109 INFO Checking for new candle...
2026-04-30 07:42:59,614 INFO Checking for new candle...
2026-04-30 07:43:02,130 INFO Checking for new candle...
2026-04-30 07:43:04,646 INFO Checking for new candle...
2026-04-30 07:43:07,153 INFO Checking for new candle...
2026-04-30 07:43:09,662 INFO Checking for new candle...
2026-04-30 07:43:12,177 INFO Checking for new candle...
2026-04-30 07:43:14,039 INFO Shutdown requested by user
2026-04-30 07:43:14,039 INFO MT5 DISCONNECTED CLEANLY
2026-04-30 12:07:02,763 INFO MT5 CONNECTED SUCCESSFULLY
2026-04-30 12:07:02,763 INFO Live Engine Started
2026-04-30 12:07:02,770 INFO Checking for new candle...
2026-04-30 12:07:02,797 INFO New candle detected: 2026-04-30 08:00:00
2026-04-30 12:07:02,825 INFO Market | Price: 4619.66 | ATR: 15.2068 | Spread: 280
2026-04-30 12:07:02,825 INFO Agent 58 SIGNAL 1 | conf=0.49
2026-04-30 12:07:02,825 INFO Sending order attempt 1: XAUUSDm | vol=0.55 | magic=58
2026-04-30 12:07:02,986 INFO ORDER FILLED | ticket=2695846829 | price=4625.709
2026-04-30 12:07:04,507 INFO Checking for new candle...
2026-04-30 12:07:04,507 INFO New candle detected: 2026-04-30 12:00:00
2026-04-30 12:07:04,533 INFO Market | Price: 4622.39 | ATR: 11.4933 | Spread: 308
2026-04-30 12:07:05,545 INFO Checking for new candle...
2026-04-30 12:07:06,548 INFO Checking for new candle...
2026-04-30 12:07:07,560 INFO Checking for new candle...
2026-04-30 12:07:08,572 INFO Checking for new candle...
2026-04-30 12:07:09,607 INFO Checking for new candle...
2026-04-30 12:07:10,611 INFO Checking for new candle...
2026-04-30 12:07:11,614 INFO Checking for new candle...
2026-04-30 12:07:12,616 INFO Checking for new candle...
2026-04-30 12:07:13,624 INFO Checking for new candle...
2026-04-30 12:07:14,631 INFO Checking for new candle...
2026-04-30 12:07:15,638 INFO Checking for new candle...
2026-04-30 12:07:16,651 INFO Checking for new candle...
2026-04-30 12:07:17,658 INFO Checking for new candle...
2026-04-30 12:07:18,665 INFO Checking for new candle...
2026-04-30 12:07:19,670 INFO Checking for new candle...
2026-04-30 12:07:20,681 INFO Checking for new candle...
2026-04-30 12:07:21,688 INFO Checking for new candle...
2026-04-30 12:07:22,691 INFO Checking for new candle...
2026-04-30 12:07:23,694 INFO Checking for new candle...
2026-04-30 12:07:24,702 INFO Checking for new candle...
2026-04-30 12:07:25,705 INFO Checking for new candle...
2026-04-30 12:07:26,716 INFO Checking for new candle...
2026-04-30 12:07:27,730 INFO Checking for new candle...
2026-04-30 12:07:28,737 INFO Checking for new candle...
2026-04-30 12:07:29,743 INFO Checking for new candle...
2026-04-30 12:07:30,760 INFO Checking for new candle...
2026-04-30 12:07:31,769 INFO Checking for new candle...
2026-04-30 12:07:32,784 INFO Checking for new candle...
2026-04-30 12:07:33,789 INFO Checking for new candle...
2026-04-30 12:07:34,798 INFO Checking for new candle...
2026-04-30 12:07:35,806 INFO Checking for new candle...
2026-04-30 12:07:36,813 INFO Checking for new candle...
2026-04-30 12:07:37,818 INFO Checking for new candle...
2026-04-30 12:07:38,827 INFO Checking for new candle...
2026-04-30 12:07:39,832 INFO Checking for new candle...
2026-04-30 12:07:40,841 INFO Checking for new candle...
2026-04-30 12:07:41,851 INFO Checking for new candle...
2026-04-30 12:07:42,859 INFO Checking for new candle...
2026-04-30 12:07:43,866 INFO Checking for new candle...
2026-04-30 12:07:44,877 INFO Checking for new candle...
2026-04-30 12:07:45,884 INFO Checking for new candle...
2026-04-30 12:07:46,889 INFO Checking for new candle...
2026-04-30 12:07:47,894 INFO Checking for new candle...
2026-04-30 12:07:48,900 INFO Checking for new candle...
2026-04-30 12:07:49,906 INFO Checking for new candle...
2026-04-30 12:07:50,912 INFO Checking for new candle...
2026-04-30 12:07:51,934 INFO Checking for new candle...
2026-04-30 12:07:52,964 INFO Checking for new candle...
2026-04-30 12:07:53,978 INFO Checking for new candle...
2026-04-30 12:07:54,981 INFO Checking for new candle...
2026-04-30 12:07:55,986 INFO Checking for new candle...
2026-04-30 12:07:56,989 INFO Checking for new candle...
2026-04-30 12:07:57,998 INFO Checking for new candle...
2026-04-30 12:07:59,007 INFO Checking for new candle...
2026-04-30 12:08:00,021 INFO Checking for new candle...
2026-04-30 12:08:01,026 INFO Checking for new candle...
2026-04-30 12:08:02,034 INFO Checking for new candle...
2026-04-30 12:08:03,041 INFO Checking for new candle...
2026-04-30 12:08:04,049 INFO Checking for new candle...
2026-04-30 12:08:05,060 INFO Checking for new candle...
2026-04-30 12:08:06,065 INFO Checking for new candle...
2026-04-30 12:08:07,072 INFO Checking for new candle...
2026-04-30 12:08:08,079 INFO Checking for new candle...
2026-04-30 12:08:09,088 INFO Checking for new candle...
2026-04-30 12:08:10,094 INFO Checking for new candle...
2026-04-30 12:08:11,102 INFO Checking for new candle...
2026-04-30 12:08:12,110 INFO Checking for new candle...
2026-04-30 12:08:13,122 INFO Checking for new candle...
2026-04-30 12:08:14,129 INFO Checking for new candle...
2026-04-30 12:08:15,139 INFO Checking for new candle...
2026-04-30 12:08:16,147 INFO Checking for new candle...
2026-04-30 12:08:17,155 INFO Checking for new candle...
2026-04-30 12:08:18,162 INFO Checking for new candle...
2026-04-30 12:08:19,170 INFO Checking for new candle...
2026-04-30 12:08:20,174 INFO Checking for new candle...
2026-04-30 12:08:21,186 INFO Checking for new candle...
2026-04-30 12:08:22,195 INFO Checking for new candle...
2026-04-30 12:08:23,203 INFO Checking for new candle...
2026-04-30 12:08:24,210 INFO Checking for new candle...
2026-04-30 12:08:25,214 INFO Checking for new candle...
2026-04-30 12:08:26,223 INFO Checking for new candle...
2026-04-30 12:08:27,236 INFO Checking for new candle...
2026-04-30 12:08:28,243 INFO Checking for new candle...
2026-04-30 12:08:29,251 INFO Checking for new candle...
2026-04-30 12:08:30,259 INFO Checking for new candle...
2026-04-30 12:08:31,282 INFO Checking for new candle...
2026-04-30 12:08:32,291 INFO Checking for new candle...
2026-04-30 12:08:33,296 INFO Checking for new candle...
2026-04-30 12:08:34,306 INFO Checking for new candle...
2026-04-30 12:08:35,309 INFO Checking for new candle...
2026-04-30 12:08:36,320 INFO Checking for new candle...
2026-04-30 12:08:37,327 INFO Checking for new candle...
2026-04-30 12:08:38,346 INFO Checking for new candle...
2026-04-30 12:08:39,401 INFO Checking for new candle...
2026-04-30 12:08:40,409 INFO Checking for new candle...
2026-04-30 12:08:41,413 INFO Checking for new candle...
2026-04-30 12:08:42,418 INFO Checking for new candle...
2026-04-30 12:08:43,431 INFO Checking for new candle...
2026-04-30 12:08:44,445 INFO Checking for new candle...
2026-04-30 12:08:45,457 INFO Checking for new candle...
2026-04-30 12:08:46,459 INFO Checking for new candle...
2026-04-30 12:08:47,473 INFO Checking for new candle...
2026-04-30 12:08:48,477 INFO Checking for new candle...
2026-04-30 12:08:49,486 INFO Checking for new candle...
2026-04-30 12:08:50,490 INFO Checking for new candle...
2026-04-30 12:08:51,499 INFO Checking for new candle...
2026-04-30 12:08:52,507 INFO Checking for new candle...
2026-04-30 12:08:53,511 INFO Checking for new candle...
2026-04-30 12:08:54,563 INFO Checking for new candle...
2026-04-30 12:08:55,624 INFO Checking for new candle...
2026-04-30 12:08:56,636 INFO Checking for new candle...
2026-04-30 12:08:57,650 INFO Checking for new candle...
2026-04-30 12:08:58,656 INFO Checking for new candle...
2026-04-30 12:08:59,666 INFO Checking for new candle...
2026-04-30 12:09:00,673 INFO Checking for new candle...
2026-04-30 12:09:01,678 INFO Checking for new candle...
2026-04-30 12:09:02,685 INFO Checking for new candle...
2026-04-30 12:09:03,690 INFO Checking for new candle...
2026-04-30 12:09:04,693 INFO Checking for new candle...
2026-04-30 12:09:05,706 INFO Checking for new candle...
2026-04-30 12:09:06,709 INFO Checking for new candle...
2026-04-30 12:09:07,712 INFO Checking for new candle...
2026-04-30 12:09:08,726 INFO Checking for new candle...
2026-04-30 12:09:09,728 INFO Checking for new candle...
2026-04-30 12:09:10,744 INFO Checking for new candle...
2026-04-30 12:09:11,752 INFO Checking for new candle...
2026-04-30 12:09:12,755 INFO Checking for new candle...
2026-04-30 12:09:13,757 INFO Checking for new candle...
2026-04-30 12:09:14,760 INFO Checking for new candle...
2026-04-30 12:09:15,763 INFO Checking for new candle...
2026-04-30 12:09:16,768 INFO Checking for new candle...
2026-04-30 12:09:17,770 INFO Checking for new candle...
2026-04-30 12:09:18,780 INFO Checking for new candle...
2026-04-30 12:09:19,791 INFO Checking for new candle...
2026-04-30 12:09:20,793 INFO Checking for new candle...
2026-04-30 12:09:21,801 INFO Checking for new candle...
2026-04-30 12:09:22,804 INFO Checking for new candle...
2026-04-30 12:09:23,822 INFO Checking for new candle...
2026-05-01 18:52:38,602 INFO MT5 CONNECTED SUCCESSFULLY
2026-05-01 18:52:38,609 INFO Live Engine Started
2026-05-01 18:52:38,612 INFO Checking for new candle...
2026-05-01 18:52:38,652 INFO New candle detected: 2026-05-01 13:30:00
2026-05-01 18:52:38,726 INFO Market | Price: 4613.44 | ATR: 13.3610 | Spread: 500
2026-05-01 18:52:38,752 INFO Agent 58 SIGNAL 1 | conf=0.42
2026-05-01 18:52:38,766 INFO Sending order attempt 1: XAUUSDm | vol=0.62 | magic=58
2026-05-01 18:52:39,894 INFO Checking for new candle...
2026-05-01 18:52:40,898 INFO Checking for new candle...
2026-05-01 18:52:41,906 INFO Checking for new candle...
2026-05-01 18:52:42,908 INFO Checking for new candle...
2026-05-01 18:52:43,912 INFO Checking for new candle...
2026-05-01 18:52:44,918 INFO Checking for new candle...
2026-05-01 18:52:45,925 INFO Checking for new candle...
2026-05-01 18:52:46,931 INFO Checking for new candle...
2026-05-01 18:52:47,934 INFO Checking for new candle...
2026-05-01 18:52:48,938 INFO Checking for new candle...
2026-05-01 18:52:49,941 INFO Checking for new candle...
2026-05-01 18:52:50,944 INFO Checking for new candle...
2026-05-01 18:52:51,949 INFO Checking for new candle...
2026-05-01 18:52:52,954 INFO Checking for new candle...
2026-05-01 18:52:53,957 INFO Checking for new candle...
2026-05-01 18:52:54,960 INFO Checking for new candle...
2026-05-01 18:52:55,968 INFO Checking for new candle...
2026-05-01 18:52:56,973 INFO Checking for new candle...
2026-05-01 18:52:57,977 INFO Checking for new candle...
2026-05-01 18:52:58,983 INFO Checking for new candle...
2026-05-01 18:52:59,987 INFO Checking for new candle...
2026-05-01 18:53:00,990 INFO Checking for new candle...
2026-05-01 18:53:01,992 INFO Checking for new candle...
2026-05-01 18:53:02,996 INFO Checking for new candle...
2026-05-01 18:53:04,000 INFO Checking for new candle...
2026-05-01 18:53:05,005 INFO Checking for new candle...
2026-05-01 18:53:06,010 INFO Checking for new candle...
2026-05-01 18:53:07,013 INFO Checking for new candle...
2026-05-01 18:53:08,019 INFO Checking for new candle...
2026-05-01 18:53:09,023 INFO Checking for new candle...
2026-05-01 18:53:10,027 INFO Checking for new candle...
2026-05-01 18:53:11,030 INFO Checking for new candle...
2026-05-01 18:53:12,033 INFO Checking for new candle...
2026-05-01 18:53:13,036 INFO Checking for new candle...
2026-05-01 18:53:14,039 INFO Checking for new candle...
2026-05-01 18:53:15,042 INFO Checking for new candle...
2026-05-01 18:53:16,045 INFO Checking for new candle...
2026-05-01 18:53:17,048 INFO Checking for new candle...
2026-05-01 18:53:18,055 INFO Checking for new candle...
2026-05-01 18:53:19,062 INFO Checking for new candle...
2026-05-01 18:53:20,065 INFO Checking for new candle...
2026-05-01 18:53:21,071 INFO Checking for new candle...
2026-05-01 18:53:22,076 INFO Checking for new candle...
2026-05-01 18:53:23,079 INFO Checking for new candle...
2026-05-01 18:53:24,082 INFO Checking for new candle...
2026-05-01 18:53:25,085 INFO Checking for new candle...
2026-05-01 18:53:26,090 INFO Checking for new candle...
2026-05-01 18:53:27,092 INFO Checking for new candle...
2026-05-01 18:53:28,105 INFO Checking for new candle...
2026-05-01 18:53:29,114 INFO Checking for new candle...
2026-05-01 18:53:30,117 INFO Checking for new candle...
2026-05-01 18:53:31,121 INFO Checking for new candle...
2026-05-01 18:53:32,124 INFO Checking for new candle...
2026-05-01 18:53:33,126 INFO Checking for new candle...
2026-05-01 18:53:34,140 INFO Checking for new candle...
2026-05-01 18:53:35,146 INFO Checking for new candle...
2026-05-01 18:53:36,148 INFO Checking for new candle...
2026-05-01 18:53:37,153 INFO Checking for new candle...
2026-05-01 18:53:38,156 INFO Checking for new candle...
2026-05-01 18:53:39,163 INFO Checking for new candle...
2026-05-01 18:53:40,167 INFO Checking for new candle...
2026-05-01 18:53:41,175 INFO Checking for new candle...
2026-05-01 18:53:42,179 INFO Checking for new candle...
2026-05-01 18:53:43,187 INFO Checking for new candle...
2026-05-01 18:53:44,191 INFO Checking for new candle...
2026-05-01 18:53:45,196 INFO Checking for new candle...
2026-05-01 18:53:46,204 INFO Checking for new candle...
2026-05-01 18:53:47,207 INFO Checking for new candle...
2026-05-01 18:53:48,212 INFO Checking for new candle...
2026-05-01 18:53:49,220 INFO Checking for new candle...
2026-05-01 18:53:50,224 INFO Checking for new candle...
2026-05-01 18:53:51,230 INFO Checking for new candle...
2026-05-01 18:53:52,236 INFO Checking for new candle...
2026-05-01 18:53:53,240 INFO Checking for new candle...
2026-05-01 18:53:54,242 INFO Checking for new candle...
2026-05-01 18:53:55,248 INFO Checking for new candle...
2026-05-01 18:53:56,253 INFO Checking for new candle...
2026-05-01 18:53:57,255 INFO Checking for new candle...
2026-05-01 18:53:58,258 INFO Checking for new candle...
2026-05-01 18:53:59,265 INFO Checking for new candle...
2026-05-01 18:54:00,268 INFO Checking for new candle...
2026-05-01 18:54:01,271 INFO Checking for new candle...
2026-05-01 18:54:02,278 INFO Checking for new candle...
2026-05-01 18:54:03,280 INFO Checking for new candle...
2026-05-01 18:54:04,285 INFO Checking for new candle...
2026-05-01 18:54:05,290 INFO Checking for new candle...
2026-05-01 18:54:06,298 INFO Checking for new candle...
2026-05-01 18:54:07,304 INFO Checking for new candle...
2026-05-01 18:54:08,307 INFO Checking for new candle...
2026-05-01 18:54:09,315 INFO Checking for new candle...
2026-05-01 18:54:10,322 INFO Checking for new candle...
2026-05-01 18:54:11,331 INFO Checking for new candle...
2026-05-01 18:54:12,336 INFO Checking for new candle...
2026-05-01 18:54:13,342 INFO Checking for new candle...
2026-05-01 18:54:14,346 INFO Checking for new candle...
2026-05-01 18:54:15,353 INFO Checking for new candle...
2026-05-01 18:54:16,356 INFO Checking for new candle...
2026-05-01 18:54:17,359 INFO Checking for new candle...
2026-05-01 18:54:18,361 INFO Checking for new candle...
2026-05-01 18:54:19,370 INFO Checking for new candle...
2026-05-01 18:54:20,375 INFO Checking for new candle...
2026-05-01 18:54:21,381 INFO Checking for new candle...
2026-05-01 18:54:22,389 INFO Checking for new candle...
2026-05-01 18:54:23,396 INFO Checking for new candle...
2026-05-01 18:54:24,406 INFO Checking for new candle...
2026-05-01 18:54:25,407 INFO Checking for new candle...
2026-05-01 18:54:26,410 INFO Checking for new candle...
2026-05-01 18:54:27,415 INFO Checking for new candle...
2026-05-01 18:54:28,418 INFO Checking for new candle...
2026-05-01 18:54:29,420 INFO Checking for new candle...
2026-05-01 18:54:30,427 INFO Checking for new candle...
2026-05-01 18:54:31,431 INFO Checking for new candle...
2026-05-01 18:54:32,434 INFO Checking for new candle...
2026-05-01 18:54:33,436 INFO Checking for new candle...
2026-05-01 18:54:34,442 INFO Checking for new candle...
2026-05-01 18:54:35,447 INFO Checking for new candle...
2026-05-01 18:54:36,453 INFO Checking for new candle...
2026-05-01 18:54:37,458 INFO Checking for new candle...
2026-05-01 18:54:38,463 INFO Checking for new candle...
2026-05-01 18:54:39,468 INFO Checking for new candle...
2026-05-01 18:54:40,476 INFO Checking for new candle...
2026-05-01 18:54:41,480 INFO Checking for new candle...
2026-05-01 18:54:42,485 INFO Checking for new candle...
2026-05-01 18:54:43,488 INFO Checking for new candle...
2026-05-01 18:54:44,490 INFO Checking for new candle...
2026-05-01 18:54:45,495 INFO Checking for new candle...
2026-05-01 18:54:46,503 INFO Checking for new candle...
2026-05-01 18:54:47,506 INFO Checking for new candle...
2026-05-01 18:54:48,509 INFO Checking for new candle...
2026-05-01 18:54:49,514 INFO Checking for new candle...
2026-05-01 18:54:50,519 INFO Checking for new candle...
2026-05-01 18:54:51,525 INFO Checking for new candle...
2026-05-01 18:54:52,530 INFO Checking for new candle...
2026-05-01 18:54:53,534 INFO Checking for new candle...
2026-05-01 18:54:54,537 INFO Checking for new candle...
2026-05-01 18:54:55,543 INFO Checking for new candle...
2026-05-01 18:54:56,551 INFO Checking for new candle...
2026-05-01 18:54:57,556 INFO Checking for new candle...
2026-05-01 18:54:58,565 INFO Checking for new candle...
2026-05-01 18:54:59,569 INFO Checking for new candle...
2026-05-01 18:55:00,575 INFO Checking for new candle...
2026-05-01 18:55:01,580 INFO Checking for new candle...
2026-05-01 18:55:02,587 INFO Checking for new candle...
2026-05-01 18:55:03,591 INFO Checking for new candle...
2026-05-01 18:55:04,596 INFO Checking for new candle...
2026-05-01 18:55:05,601 INFO Checking for new candle...
2026-05-01 18:55:06,604 INFO Checking for new candle...
2026-05-01 18:55:07,607 INFO Checking for new candle...
2026-05-01 18:55:08,611 INFO Checking for new candle...
2026-05-01 18:55:09,614 INFO Checking for new candle...
2026-05-01 18:55:10,619 INFO Checking for new candle...
2026-05-01 18:55:11,622 INFO Checking for new candle...
2026-05-01 18:55:12,628 INFO Checking for new candle...
2026-05-01 18:55:13,632 INFO Checking for new candle...
2026-05-01 18:55:14,634 INFO Checking for new candle...
2026-05-01 18:55:15,637 INFO Checking for new candle...
2026-05-01 18:55:16,644 INFO Checking for new candle...
2026-05-01 18:55:17,714 INFO Checking for new candle...
2026-05-01 18:55:18,717 INFO Checking for new candle...
2026-05-01 18:55:19,722 INFO Checking for new candle...
2026-05-01 18:55:20,728 INFO Checking for new candle...
2026-05-01 18:55:21,729 INFO Checking for new candle...
2026-05-01 18:55:22,736 INFO Checking for new candle...
2026-05-01 18:55:23,742 INFO Checking for new candle...
2026-05-01 18:55:24,744 INFO Checking for new candle...
2026-05-01 18:55:25,747 INFO Checking for new candle...
2026-05-01 18:55:26,752 INFO Checking for new candle...
2026-05-01 18:55:27,755 INFO Checking for new candle...
2026-05-01 18:55:28,758 INFO Checking for new candle...
2026-05-01 18:55:29,761 INFO Checking for new candle...
2026-05-01 18:55:30,763 INFO Checking for new candle...
2026-05-01 18:55:31,767 INFO Checking for new candle...
2026-05-01 18:55:32,769 INFO Checking for new candle...
2026-05-01 18:55:33,773 INFO Checking for new candle...
2026-05-01 18:55:34,779 INFO Checking for new candle...
2026-05-01 18:55:35,785 INFO Checking for new candle...
2026-05-01 18:55:36,791 INFO Checking for new candle...
2026-05-01 18:55:37,794 INFO Checking for new candle...
2026-05-01 18:55:38,801 INFO Checking for new candle...
2026-05-01 18:55:39,804 INFO Checking for new candle...
2026-05-01 18:55:40,807 INFO Checking for new candle...
2026-05-01 18:55:41,814 INFO Checking for new candle...
2026-05-01 18:55:42,817 INFO Checking for new candle...
2026-05-01 18:55:43,820 INFO Checking for new candle...
2026-05-01 18:55:44,824 INFO Checking for new candle...
2026-05-01 18:55:45,827 INFO Checking for new candle...
2026-05-01 18:55:46,831 INFO Checking for new candle...
2026-05-01 18:55:47,840 INFO Checking for new candle...
2026-05-01 18:55:48,843 INFO Checking for new candle...
2026-05-01 18:55:49,847 INFO Checking for new candle...
2026-05-01 18:55:50,853 INFO Checking for new candle...
2026-05-01 18:55:51,872 INFO Checking for new candle...
2026-05-01 18:55:52,876 INFO Checking for new candle...
2026-05-01 18:55:53,878 INFO Checking for new candle...
2026-05-01 18:55:54,917 INFO Checking for new candle...
2026-05-01 18:55:55,920 INFO Checking for new candle...
2026-05-01 18:55:56,923 INFO Checking for new candle...
2026-05-01 18:55:57,926 INFO Checking for new candle...
2026-05-01 18:55:58,929 INFO Checking for new candle...
2026-05-01 18:55:59,931 INFO Checking for new candle...
2026-05-01 18:56:00,934 INFO Checking for new candle...
2026-05-01 18:56:01,937 INFO Checking for new candle...
2026-05-01 18:56:02,940 INFO Checking for new candle...
2026-05-01 18:56:03,943 INFO Checking for new candle...
2026-05-01 18:56:04,945 INFO Checking for new candle...
2026-05-01 18:56:05,948 INFO Checking for new candle...
2026-05-01 18:56:06,951 INFO Checking for new candle...
2026-05-01 18:56:07,954 INFO Checking for new candle...
2026-05-01 18:56:08,957 INFO Checking for new candle...
2026-05-01 18:56:09,962 INFO Checking for new candle...
2026-05-01 18:56:10,997 INFO Checking for new candle...
2026-05-01 18:56:12,007 INFO Checking for new candle...
2026-05-01 18:56:13,014 INFO Checking for new candle...
2026-05-01 18:56:14,018 INFO Checking for new candle...
2026-05-01 18:56:15,024 INFO Checking for new candle...
2026-05-01 18:56:16,030 INFO Checking for new candle...
2026-05-01 18:56:17,032 INFO Checking for new candle...
2026-05-01 18:56:18,036 INFO Checking for new candle...
2026-05-01 18:56:19,041 INFO Checking for new candle...
2026-05-01 18:56:20,048 INFO Checking for new candle...
2026-05-01 18:56:21,050 INFO Checking for new candle...
2026-05-01 18:56:22,071 INFO Checking for new candle...
2026-05-01 18:56:23,083 INFO Checking for new candle...
2026-05-01 18:56:24,085 INFO Checking for new candle...
2026-05-01 18:56:25,087 INFO Checking for new candle...
2026-05-01 18:56:26,091 INFO Checking for new candle...
2026-05-01 18:56:27,094 INFO Checking for new candle...
2026-05-01 18:56:28,097 INFO Checking for new candle...
2026-05-01 18:56:29,100 INFO Checking for new candle...
2026-05-01 18:56:30,106 INFO Checking for new candle...
2026-05-01 18:56:31,110 INFO Checking for new candle...
2026-05-01 18:56:32,113 INFO Checking for new candle...
2026-05-01 18:56:33,120 INFO Checking for new candle...
2026-05-01 18:56:34,127 INFO Checking for new candle...
2026-05-01 18:56:35,131 INFO Checking for new candle...
2026-05-01 18:56:36,137 INFO Checking for new candle...
2026-05-01 18:56:37,139 INFO Checking for new candle...
2026-05-01 18:56:38,149 INFO Checking for new candle...
2026-05-01 18:56:39,159 INFO Checking for new candle...
2026-05-01 18:56:40,165 INFO Checking for new candle...
2026-05-01 18:56:41,176 INFO Checking for new candle...
2026-05-01 18:56:42,187 INFO Checking for new candle...
2026-05-01 18:56:43,191 INFO Checking for new candle...
2026-05-01 18:56:44,195 INFO Checking for new candle...
2026-05-01 18:56:45,202 INFO Checking for new candle...
2026-05-01 18:56:46,213 INFO Checking for new candle...
2026-05-01 18:56:47,219 INFO Checking for new candle...
2026-05-01 18:56:48,223 INFO Checking for new candle...
2026-05-01 18:56:49,233 INFO Checking for new candle...
2026-05-01 18:56:50,236 INFO Checking for new candle...
2026-05-01 18:56:51,239 INFO Checking for new candle...
2026-05-01 18:56:52,246 INFO Checking for new candle...
2026-05-01 18:56:53,254 INFO Checking for new candle...
2026-05-01 18:56:54,257 INFO Checking for new candle...
2026-05-01 18:56:55,262 INFO Checking for new candle...
2026-05-01 18:56:56,267 INFO Checking for new candle...
2026-05-01 18:56:57,272 INFO Checking for new candle...
2026-05-01 18:56:58,282 INFO Checking for new candle...
2026-05-01 18:56:59,289 INFO Checking for new candle...
2026-05-01 18:57:00,294 INFO Checking for new candle...
2026-05-01 18:57:01,300 INFO Checking for new candle...
2026-05-01 18:57:02,306 INFO Checking for new candle...
2026-05-01 18:57:03,314 INFO Checking for new candle...
2026-05-01 18:57:04,325 INFO Checking for new candle...
2026-05-01 18:57:05,328 INFO Checking for new candle...
2026-05-01 18:57:06,330 INFO Checking for new candle...
2026-05-01 18:57:07,333 INFO Checking for new candle...
2026-05-01 18:57:08,335 INFO Checking for new candle...
2026-05-01 18:57:09,345 INFO Checking for new candle...
2026-05-01 18:57:10,350 INFO Checking for new candle...
2026-05-01 18:57:11,359 INFO Checking for new candle...
2026-05-01 18:57:12,368 INFO Checking for new candle...
2026-05-01 18:57:13,372 INFO Checking for new candle...
2026-05-01 18:57:14,378 INFO Checking for new candle...
2026-05-01 18:57:15,390 INFO Checking for new candle...
2026-05-01 18:57:16,398 INFO Checking for new candle...
2026-05-01 18:57:17,404 INFO Checking for new candle...
2026-05-01 18:57:18,406 INFO Checking for new candle...
2026-05-01 18:57:19,413 INFO Checking for new candle...
2026-05-01 18:57:20,422 INFO Checking for new candle...
2026-05-01 18:57:21,429 INFO Checking for new candle...
2026-05-01 18:57:22,435 INFO Checking for new candle...
2026-05-01 18:57:23,442 INFO Checking for new candle...
2026-05-01 18:57:24,444 INFO Checking for new candle...
2026-05-01 18:57:25,450 INFO Checking for new candle...
2026-05-01 18:57:26,454 INFO Checking for new candle...
2026-05-01 18:57:27,464 INFO Checking for new candle...
2026-05-01 18:57:28,474 INFO Checking for new candle...
2026-05-01 18:57:29,479 INFO Checking for new candle...
2026-05-01 18:57:30,484 INFO Checking for new candle...
2026-05-01 18:57:31,487 INFO Checking for new candle...
2026-05-01 18:57:32,493 INFO Checking for new candle...
2026-05-01 18:57:33,497 INFO Checking for new candle...
2026-05-01 18:57:34,501 INFO Checking for new candle...
2026-05-01 18:57:35,506 INFO Checking for new candle...
2026-05-01 18:57:36,508 INFO Checking for new candle...
2026-05-01 18:57:37,514 INFO Checking for new candle...
2026-05-01 18:57:38,517 INFO Checking for new candle...
2026-05-01 18:57:39,519 INFO Checking for new candle...
2026-05-01 18:57:40,521 INFO Checking for new candle...
2026-05-01 18:57:41,524 INFO Checking for new candle...
2026-05-01 18:57:42,529 INFO Checking for new candle...
2026-05-01 18:57:43,531 INFO Checking for new candle...
2026-05-01 18:57:44,533 INFO Checking for new candle...
2026-05-01 18:57:45,538 INFO Checking for new candle...
2026-05-01 18:57:46,540 INFO Checking for new candle...
2026-05-01 18:57:47,544 INFO Checking for new candle...
2026-05-01 18:57:48,553 INFO Checking for new candle...
2026-05-01 18:57:49,559 INFO Checking for new candle...
2026-05-01 18:57:50,564 INFO Checking for new candle...
2026-05-01 18:57:51,571 INFO Checking for new candle...
2026-05-01 18:57:52,574 INFO Checking for new candle...
2026-05-01 18:57:53,584 INFO Checking for new candle...
2026-05-01 18:57:54,593 INFO Checking for new candle...
2026-05-01 18:57:55,597 INFO Checking for new candle...
2026-05-01 18:57:56,599 INFO Checking for new candle...
2026-05-01 18:57:57,624 INFO Checking for new candle...
2026-05-01 18:57:58,627 INFO Checking for new candle...
2026-05-01 18:57:59,629 INFO Checking for new candle...
2026-05-01 18:58:00,636 INFO Checking for new candle...
2026-05-01 18:58:01,648 INFO Checking for new candle...
2026-05-01 18:58:02,652 INFO Checking for new candle...
2026-05-01 18:58:03,656 INFO Checking for new candle...
2026-05-01 18:58:04,657 INFO Checking for new candle...
2026-05-01 18:58:05,665 INFO Checking for new candle...
2026-05-01 18:58:06,667 INFO Checking for new candle...
2026-05-01 18:58:07,674 INFO Checking for new candle...
2026-05-01 18:58:08,679 INFO Checking for new candle...
2026-05-01 18:58:09,683 INFO Checking for new candle...
2026-05-01 18:58:10,691 INFO Checking for new candle...
2026-05-01 18:58:11,699 INFO Checking for new candle...
2026-05-01 18:58:12,701 INFO Checking for new candle...
2026-05-01 18:58:13,703 INFO Checking for new candle...
2026-05-01 18:58:14,706 INFO Checking for new candle...
2026-05-01 18:58:15,708 INFO Checking for new candle...
2026-05-01 18:58:16,711 INFO Checking for new candle...
2026-05-01 18:58:17,714 INFO Checking for new candle...
2026-05-01 18:58:18,721 INFO Checking for new candle...
2026-05-01 18:58:19,723 INFO Checking for new candle...
2026-05-01 18:58:20,727 INFO Checking for new candle...
2026-05-01 18:58:21,729 INFO Checking for new candle...
2026-05-01 18:58:22,732 INFO Checking for new candle...
2026-05-01 18:58:23,737 INFO Checking for new candle...
2026-05-01 18:58:24,741 INFO Checking for new candle...
2026-05-01 18:58:25,745 INFO Checking for new candle...
2026-05-01 18:58:26,747 INFO Checking for new candle...
2026-05-01 18:58:27,778 INFO Checking for new candle...
2026-05-01 18:58:28,795 INFO Checking for new candle...
2026-05-01 18:58:29,798 INFO Checking for new candle...
2026-05-01 18:58:30,801 INFO Checking for new candle...
2026-05-01 18:58:31,803 INFO Checking for new candle...
2026-05-01 18:58:32,806 INFO Checking for new candle...
2026-05-01 18:58:33,809 INFO Checking for new candle...
2026-05-01 18:58:34,812 INFO Checking for new candle...
2026-05-01 18:58:35,815 INFO Checking for new candle...
2026-05-01 18:58:36,818 INFO Checking for new candle...
2026-05-01 18:58:37,821 INFO Checking for new candle...
2026-05-01 18:58:38,824 INFO Checking for new candle...
2026-05-01 18:58:39,827 INFO Checking for new candle...
2026-05-01 18:58:40,830 INFO Checking for new candle...
2026-05-01 18:58:41,833 INFO Checking for new candle...
2026-05-01 18:58:42,837 INFO Checking for new candle...
2026-05-01 18:58:43,840 INFO Checking for new candle...
2026-05-01 18:58:44,842 INFO Checking for new candle...
2026-05-01 18:58:45,864 INFO Checking for new candle...
2026-05-01 18:58:46,870 INFO Checking for new candle...
2026-05-01 18:58:47,873 INFO Checking for new candle...
2026-05-01 18:58:48,876 INFO Checking for new candle...
2026-05-01 18:58:49,880 INFO Checking for new candle...
2026-05-01 18:58:50,883 INFO Checking for new candle...
2026-05-01 18:58:51,885 INFO Checking for new candle...
2026-05-01 18:58:52,892 INFO Checking for new candle...
2026-05-01 18:58:53,894 INFO Checking for new candle...
2026-05-01 18:58:54,898 INFO Checking for new candle...
2026-05-01 18:58:55,901 INFO Checking for new candle...
2026-05-01 18:58:56,904 INFO Checking for new candle...
2026-05-01 18:58:57,906 INFO Checking for new candle...
2026-05-01 18:58:58,913 INFO Checking for new candle...
2026-05-01 18:58:59,916 INFO Checking for new candle...
2026-05-01 18:59:00,924 INFO Checking for new candle...
2026-05-01 18:59:01,926 INFO Checking for new candle...
2026-05-01 18:59:02,936 INFO Checking for new candle...
2026-05-01 18:59:03,941 INFO Checking for new candle...
2026-05-01 18:59:04,944 INFO Checking for new candle...
2026-05-01 18:59:05,950 INFO Checking for new candle...
2026-05-01 18:59:06,958 INFO Checking for new candle...
2026-05-01 18:59:07,963 INFO Checking for new candle...
2026-05-01 18:59:08,976 INFO Checking for new candle...
2026-05-01 18:59:09,986 INFO Checking for new candle...
2026-05-01 18:59:10,989 INFO Checking for new candle...
2026-05-01 18:59:11,991 INFO Checking for new candle...
2026-05-01 18:59:12,994 INFO Checking for new candle...
2026-05-01 18:59:13,996 INFO Checking for new candle...
2026-05-01 18:59:15,001 INFO Checking for new candle...
2026-05-01 18:59:16,010 INFO Checking for new candle...
2026-05-01 18:59:17,017 INFO Checking for new candle...
2026-05-01 18:59:18,020 INFO Checking for new candle...
2026-05-01 18:59:19,027 INFO Checking for new candle...
2026-05-01 18:59:20,032 INFO Checking for new candle...
2026-05-01 18:59:21,039 INFO Checking for new candle...
2026-05-01 18:59:22,043 INFO Checking for new candle...
2026-05-01 18:59:23,048 INFO Checking for new candle...
2026-05-01 18:59:24,054 INFO Checking for new candle...
2026-05-01 18:59:25,060 INFO Checking for new candle...
2026-05-01 18:59:26,065 INFO Checking for new candle...
2026-05-01 18:59:27,069 INFO Checking for new candle...
2026-05-01 18:59:28,071 INFO Checking for new candle...
2026-05-01 18:59:29,074 INFO Checking for new candle...
2026-05-01 18:59:30,077 INFO Checking for new candle...
2026-05-01 18:59:31,087 INFO Checking for new candle...
2026-05-01 18:59:32,090 INFO Checking for new candle...
2026-05-01 18:59:33,095 INFO Checking for new candle...
2026-05-01 18:59:34,097 INFO Checking for new candle...
2026-05-01 18:59:35,106 INFO Checking for new candle...
2026-05-01 18:59:36,111 INFO Checking for new candle...
2026-05-01 18:59:37,120 INFO Checking for new candle...
2026-05-01 18:59:38,126 INFO Checking for new candle...
2026-05-01 18:59:39,131 INFO Checking for new candle...
2026-05-01 18:59:40,137 INFO Checking for new candle...
2026-05-01 18:59:41,144 INFO Checking for new candle...
2026-05-01 18:59:42,155 INFO Checking for new candle...
2026-05-01 18:59:43,164 INFO Checking for new candle...
2026-05-01 18:59:44,169 INFO Checking for new candle...
2026-05-01 18:59:45,177 INFO Checking for new candle...
2026-05-01 18:59:46,181 INFO Checking for new candle...
2026-05-01 18:59:47,200 INFO Checking for new candle...
2026-05-01 18:59:48,204 INFO Checking for new candle...
2026-05-01 18:59:49,209 INFO Checking for new candle...
2026-05-01 18:59:50,216 INFO Checking for new candle...
2026-05-01 18:59:51,223 INFO Checking for new candle...
2026-05-01 18:59:52,232 INFO Checking for new candle...
2026-05-01 18:59:53,237 INFO Checking for new candle...
2026-05-01 18:59:54,244 INFO Checking for new candle...
2026-05-01 18:59:55,252 INFO Checking for new candle...
2026-05-01 18:59:56,256 INFO Checking for new candle...
2026-05-01 18:59:57,260 INFO Checking for new candle...
2026-05-01 18:59:58,264 INFO Checking for new candle...
2026-05-01 18:59:59,272 INFO Checking for new candle...
2026-05-01 19:00:00,276 INFO Checking for new candle...
2026-05-01 19:00:01,278 INFO Checking for new candle...
2026-05-01 19:00:02,284 INFO Checking for new candle...
2026-05-01 19:00:03,287 INFO Checking for new candle...
2026-05-01 19:00:04,297 INFO Checking for new candle...
2026-05-01 19:00:05,300 INFO Checking for new candle...
2026-05-01 19:00:06,306 INFO Checking for new candle...
2026-05-01 19:00:07,309 INFO Checking for new candle...
2026-05-01 19:00:08,311 INFO Checking for new candle...
2026-05-01 19:00:09,313 INFO Checking for new candle...
2026-05-01 19:00:10,316 INFO Checking for new candle...
2026-05-01 19:00:11,323 INFO Checking for new candle...
2026-05-01 19:00:12,325 INFO Checking for new candle...
2026-05-01 19:00:13,328 INFO Checking for new candle...
2026-05-01 19:00:14,335 INFO Checking for new candle...
2026-05-01 19:00:15,338 INFO Checking for new candle...
2026-05-01 19:00:16,343 INFO Checking for new candle...
2026-05-01 19:00:17,346 INFO Checking for new candle...
2026-05-01 19:00:18,352 INFO Checking for new candle...
2026-05-01 19:00:19,361 INFO Checking for new candle...
2026-05-01 19:00:20,363 INFO Checking for new candle...
2026-05-01 19:00:21,367 INFO Checking for new candle...
2026-05-01 19:00:22,372 INFO Checking for new candle...
2026-05-01 19:00:23,379 INFO Checking for new candle...
2026-05-01 19:00:24,384 INFO Checking for new candle...
2026-05-01 19:00:25,387 INFO Checking for new candle...
2026-05-01 19:00:26,391 INFO Checking for new candle...
2026-05-01 19:00:27,398 INFO Checking for new candle...
2026-05-01 19:00:28,406 INFO Checking for new candle...
2026-05-01 19:00:29,408 INFO Checking for new candle...
2026-05-01 19:00:30,413 INFO Checking for new candle...
2026-05-01 19:00:31,421 INFO Checking for new candle...
2026-05-01 19:00:32,429 INFO Checking for new candle...
2026-05-01 19:00:33,432 INFO Checking for new candle...
2026-05-01 19:00:34,435 INFO Checking for new candle...
2026-05-01 19:00:35,440 INFO Checking for new candle...
2026-05-01 19:00:36,446 INFO Checking for new candle...
2026-05-01 19:00:37,448 INFO Checking for new candle...
2026-05-01 19:00:38,462 INFO Checking for new candle...
2026-05-01 19:00:39,464 INFO Checking for new candle...
2026-05-01 19:00:40,470 INFO Checking for new candle...
2026-05-01 19:00:41,476 INFO Checking for new candle...
2026-05-01 19:00:42,480 INFO Checking for new candle...
2026-05-01 19:00:43,483 INFO Checking for new candle...
2026-05-01 19:00:44,486 INFO Checking for new candle...
2026-05-01 19:00:45,489 INFO Checking for new candle...
2026-05-01 19:00:46,494 INFO Checking for new candle...
2026-05-01 19:00:47,496 INFO Checking for new candle...
2026-05-01 19:00:48,506 INFO Checking for new candle...
2026-05-01 19:00:49,511 INFO Checking for new candle...
2026-05-01 19:00:50,515 INFO Checking for new candle...
2026-05-01 19:00:51,521 INFO Checking for new candle...
2026-05-01 19:00:52,528 INFO Checking for new candle...
2026-05-01 19:00:53,531 INFO Checking for new candle...
2026-05-01 19:00:54,533 INFO Checking for new candle...
2026-05-01 19:00:55,538 INFO Checking for new candle...
2026-05-01 19:00:56,546 INFO Checking for new candle...
2026-05-01 19:00:57,551 INFO Checking for new candle...
2026-05-01 19:00:58,559 INFO Checking for new candle...
2026-05-01 19:00:59,564 INFO Checking for new candle...
2026-05-01 19:01:00,567 INFO Checking for new candle...
2026-05-01 19:01:01,569 INFO Checking for new candle...
2026-05-01 19:01:02,572 INFO Checking for new candle...
2026-05-01 19:01:03,578 INFO Checking for new candle...
2026-05-01 19:01:04,582 INFO Checking for new candle...
2026-05-01 19:01:05,586 INFO Checking for new candle...
2026-05-01 19:01:06,589 INFO Checking for new candle...
2026-05-01 19:01:07,591 INFO Checking for new candle...
2026-05-01 19:01:08,598 INFO Checking for new candle...
2026-05-01 19:01:09,601 INFO Checking for new candle...
2026-05-01 19:01:10,604 INFO Checking for new candle...
2026-05-01 19:01:11,611 INFO Checking for new candle...
2026-05-01 19:01:12,619 INFO Checking for new candle...
2026-05-01 19:01:13,622 INFO Checking for new candle...
2026-05-01 19:01:14,625 INFO Checking for new candle...
2026-05-01 19:01:15,629 INFO Checking for new candle...
2026-05-01 19:01:16,633 INFO Checking for new candle...
2026-05-01 19:01:17,639 INFO Checking for new candle...
2026-05-01 19:01:18,646 INFO Checking for new candle...
2026-05-01 19:01:19,654 INFO Checking for new candle...
2026-05-01 19:01:20,662 INFO Checking for new candle...
2026-05-01 19:01:21,667 INFO Checking for new candle...
2026-05-01 19:01:22,671 INFO Checking for new candle...
2026-05-01 19:01:23,678 INFO Checking for new candle...
2026-05-01 19:01:24,686 INFO Checking for new candle...
2026-05-01 19:01:25,692 INFO Checking for new candle...
2026-05-01 19:01:26,696 INFO Checking for new candle...
2026-05-01 19:01:27,698 INFO Checking for new candle...
2026-05-01 19:01:28,705 INFO Checking for new candle...
2026-05-01 19:01:29,712 INFO Checking for new candle...
2026-05-01 19:01:30,719 INFO Checking for new candle...
2026-05-01 19:01:31,730 INFO Checking for new candle...
2026-05-01 19:01:32,735 INFO Checking for new candle...
2026-05-01 19:01:33,742 INFO Checking for new candle...
2026-05-01 19:01:34,745 INFO Checking for new candle...
2026-05-01 19:01:35,749 INFO Checking for new candle...
2026-05-01 19:01:36,755 INFO Checking for new candle...
2026-05-01 19:01:37,757 INFO Checking for new candle...
2026-05-01 19:01:38,760 INFO Checking for new candle...
2026-05-01 19:01:39,763 INFO Checking for new candle...
2026-05-01 19:01:40,766 INFO Checking for new candle...
2026-05-01 19:01:41,769 INFO Checking for new candle...
2026-05-01 19:01:42,772 INFO Checking for new candle...
2026-05-01 19:01:43,775 INFO Checking for new candle...
2026-05-01 19:01:44,778 INFO Checking for new candle...
2026-05-01 19:01:45,781 INFO Checking for new candle...
2026-05-01 19:01:46,784 INFO Checking for new candle...
2026-05-01 19:01:47,787 INFO Checking for new candle...
2026-05-01 19:01:48,790 INFO Checking for new candle...
2026-05-01 19:01:49,794 INFO Checking for new candle...
2026-05-01 19:01:50,797 INFO Checking for new candle...
2026-05-01 19:01:51,799 INFO Checking for new candle...
2026-05-01 19:01:52,801 INFO Checking for new candle...
2026-05-01 19:01:53,804 INFO Checking for new candle...
2026-05-01 19:01:54,807 INFO Checking for new candle...
2026-05-01 19:01:55,816 INFO Checking for new candle...
2026-05-01 19:01:56,819 INFO Checking for new candle...
2026-05-01 19:01:57,822 INFO Checking for new candle...
2026-05-01 19:01:58,826 INFO Checking for new candle...
2026-05-01 19:01:59,829 INFO Checking for new candle...
2026-05-01 19:02:00,832 INFO Checking for new candle...
2026-05-01 19:02:01,839 INFO Checking for new candle...
2026-05-01 19:02:02,842 INFO Checking for new candle...
2026-05-01 19:02:03,851 INFO Checking for new candle...
2026-05-01 19:02:04,859 INFO Checking for new candle...
2026-05-01 19:02:05,867 INFO Checking for new candle...
2026-05-01 19:02:06,875 INFO Checking for new candle...
2026-05-01 19:02:07,878 INFO Checking for new candle...
2026-05-01 19:02:08,880 INFO Checking for new candle...
2026-05-01 19:02:09,887 INFO Checking for new candle...
2026-05-01 19:02:10,890 INFO Checking for new candle...
2026-05-01 19:02:11,898 INFO Checking for new candle...
2026-05-01 19:02:12,906 INFO Checking for new candle...
2026-05-01 19:02:13,909 INFO Checking for new candle...
2026-05-01 19:02:14,917 INFO Checking for new candle...
2026-05-01 19:02:15,920 INFO Checking for new candle...
2026-05-01 19:02:16,924 INFO Checking for new candle...
2026-05-01 19:02:17,928 INFO Checking for new candle...
2026-05-01 19:02:18,945 INFO Checking for new candle...
2026-05-01 19:02:19,953 INFO Checking for new candle...
2026-05-01 19:02:20,966 INFO Checking for new candle...
2026-05-01 19:02:21,968 INFO Checking for new candle...
2026-05-01 19:02:22,970 INFO Checking for new candle...
2026-05-01 19:02:23,973 INFO Checking for new candle...
2026-05-01 19:02:24,977 INFO Checking for new candle...
2026-05-01 19:02:25,982 INFO Checking for new candle...
2026-05-01 19:02:26,985 INFO Checking for new candle...
2026-05-01 19:02:27,992 INFO Checking for new candle...
2026-05-01 19:02:28,998 INFO Checking for new candle...
2026-05-01 19:02:30,005 INFO Checking for new candle...
2026-05-01 19:02:31,012 INFO Checking for new candle...
2026-05-01 19:02:32,019 INFO Checking for new candle...
2026-05-01 19:02:33,024 INFO Checking for new candle...
2026-05-01 19:02:34,029 INFO Checking for new candle...
2026-05-01 19:02:35,037 INFO Checking for new candle...
2026-05-01 19:02:36,040 INFO Checking for new candle...
2026-05-01 19:02:37,042 INFO Checking for new candle...
2026-05-01 19:02:38,044 INFO Checking for new candle...
2026-05-01 19:02:39,047 INFO Checking for new candle...
2026-05-01 19:02:40,049 INFO Checking for new candle...
2026-05-01 19:02:41,060 INFO Checking for new candle...
2026-05-01 19:02:42,065 INFO Checking for new candle...
2026-05-01 19:02:43,072 INFO Checking for new candle...
2026-05-01 19:02:44,076 INFO Checking for new candle...
2026-05-01 19:02:45,080 INFO Checking for new candle...
2026-05-01 19:02:46,084 INFO Checking for new candle...
2026-05-01 19:02:47,090 INFO Checking for new candle...
2026-05-01 19:02:48,099 INFO Checking for new candle...
2026-05-01 19:02:49,106 INFO Checking for new candle...
2026-05-01 19:02:50,109 INFO Checking for new candle...
2026-05-01 19:02:51,115 INFO Checking for new candle...
2026-05-01 19:02:52,117 INFO Checking for new candle...
2026-05-01 19:02:53,120 INFO Checking for new candle...
2026-05-01 19:02:54,123 INFO Checking for new candle...
2026-05-01 19:02:55,126 INFO Checking for new candle...
2026-05-01 19:02:56,130 INFO Checking for new candle...
2026-05-01 19:02:57,133 INFO Checking for new candle...
2026-05-01 19:02:58,136 INFO Checking for new candle...
2026-05-01 19:02:59,138 INFO Checking for new candle...
2026-05-01 19:03:00,141 INFO Checking for new candle...
2026-05-01 19:03:01,154 INFO Checking for new candle...
2026-05-01 19:03:02,157 INFO Checking for new candle...
2026-05-01 19:03:03,160 INFO Checking for new candle...
2026-05-01 19:03:04,163 INFO Checking for new candle...
2026-05-01 19:03:05,166 INFO Checking for new candle...
2026-05-01 19:03:06,168 INFO Checking for new candle...
2026-05-01 19:03:07,171 INFO Checking for new candle...
2026-05-01 19:03:08,174 INFO Checking for new candle...
2026-05-01 19:03:09,177 INFO Checking for new candle...
2026-05-01 19:03:10,181 INFO Checking for new candle...
2026-05-01 19:03:11,182 INFO Checking for new candle...
2026-05-01 19:03:12,186 INFO Checking for new candle...
2026-05-01 19:03:13,188 INFO Checking for new candle...
2026-05-01 19:03:14,191 INFO Checking for new candle...
2026-05-01 19:03:15,194 INFO Checking for new candle...
2026-05-01 19:03:16,196 INFO Checking for new candle...
2026-05-01 19:03:17,198 INFO Checking for new candle...
2026-05-01 19:03:18,201 INFO Checking for new candle...
2026-05-01 19:03:19,204 INFO Checking for new candle...
2026-05-01 19:03:20,207 INFO Checking for new candle...
2026-05-01 19:03:21,210 INFO Checking for new candle...
2026-05-01 19:03:22,212 INFO Checking for new candle...
2026-05-01 19:03:23,215 INFO Checking for new candle...
2026-05-01 19:03:24,218 INFO Checking for new candle...
2026-05-01 19:03:25,221 INFO Checking for new candle...
2026-05-01 19:03:26,224 INFO Checking for new candle...
2026-05-01 19:03:27,227 INFO Checking for new candle...
2026-05-01 19:03:28,234 INFO Checking for new candle...
2026-05-01 19:03:29,243 INFO Checking for new candle...
2026-05-01 19:03:30,251 INFO Checking for new candle...
2026-05-01 19:03:31,257 INFO Checking for new candle...
2026-05-01 19:03:32,267 INFO Checking for new candle...
2026-05-01 19:03:33,273 INFO Checking for new candle...
2026-05-01 19:03:34,280 INFO Checking for new candle...
2026-05-01 19:03:35,284 INFO Checking for new candle...
2026-05-01 19:03:36,291 INFO Checking for new candle...
2026-05-01 19:03:37,300 INFO Checking for new candle...
2026-05-01 19:03:38,306 INFO Checking for new candle...
2026-05-01 19:03:39,316 INFO Checking for new candle...
2026-05-01 19:03:40,321 INFO Checking for new candle...
2026-05-01 19:03:41,328 INFO Checking for new candle...
2026-05-01 19:03:42,334 INFO Checking for new candle...
2026-05-01 19:03:43,346 INFO Checking for new candle...
2026-05-01 19:03:44,352 INFO Checking for new candle...
2026-05-01 19:03:45,362 INFO Checking for new candle...
2026-05-01 19:03:46,367 INFO Checking for new candle...
2026-05-01 19:03:47,374 INFO Checking for new candle...
2026-05-01 19:03:48,381 INFO Checking for new candle...
2026-05-01 19:03:49,384 INFO Checking for new candle...
2026-05-01 19:03:50,386 INFO Checking for new candle...
2026-05-01 19:03:51,389 INFO Checking for new candle...
2026-05-01 19:03:52,392 INFO Checking for new candle...
2026-05-01 19:03:53,397 INFO Checking for new candle...
2026-05-01 19:03:54,400 INFO Checking for new candle...
2026-05-01 19:03:55,402 INFO Checking for new candle...
2026-05-01 19:03:56,406 INFO Checking for new candle...
2026-05-01 19:03:57,409 INFO Checking for new candle...
2026-05-01 19:03:58,413 INFO Checking for new candle...
2026-05-01 19:03:59,416 INFO Checking for new candle...
2026-05-01 19:04:00,427 INFO Checking for new candle...
2026-05-01 19:04:01,434 INFO Checking for new candle...
2026-05-01 19:04:02,441 INFO Checking for new candle...
2026-05-01 19:04:03,448 INFO Checking for new candle...
2026-05-01 19:04:04,455 INFO Checking for new candle...
2026-05-01 19:04:05,462 INFO Checking for new candle...
2026-05-01 19:04:06,470 INFO Checking for new candle...
2026-05-01 19:04:07,473 INFO Checking for new candle...
2026-05-01 19:04:08,475 INFO Checking for new candle...
2026-05-01 19:04:09,478 INFO Checking for new candle...
2026-05-01 19:04:10,485 INFO Checking for new candle...
2026-05-01 19:04:11,493 INFO Checking for new candle...
2026-05-01 19:04:12,500 INFO Checking for new candle...
2026-05-01 19:04:13,508 INFO Checking for new candle...
2026-05-01 19:04:14,515 INFO Checking for new candle...
2026-05-01 19:04:15,520 INFO Checking for new candle...
2026-05-01 19:04:16,534 INFO Checking for new candle...
2026-05-01 19:04:17,541 INFO Checking for new candle...
2026-05-01 19:04:18,544 INFO Checking for new candle...
2026-05-01 19:04:19,551 INFO Checking for new candle...
2026-05-01 19:04:20,555 INFO Checking for new candle...
2026-05-01 19:04:21,558 INFO Checking for new candle...
2026-05-01 19:04:22,565 INFO Checking for new candle...
2026-05-01 19:04:23,567 INFO Checking for new candle...
2026-05-01 19:04:24,571 INFO Checking for new candle...
2026-05-01 19:04:25,574 INFO Checking for new candle...
2026-05-01 19:04:26,577 INFO Checking for new candle...
2026-05-01 19:04:27,581 INFO Checking for new candle...
2026-05-01 19:04:28,583 INFO Checking for new candle...
2026-05-01 19:04:29,587 INFO Checking for new candle...
2026-05-01 19:04:30,593 INFO Checking for new candle...
2026-05-01 19:04:31,599 INFO Checking for new candle...
2026-05-01 19:04:32,601 INFO Checking for new candle...
2026-05-01 19:04:33,604 INFO Checking for new candle...
2026-05-01 19:04:34,609 INFO Checking for new candle...
2026-05-01 19:04:35,613 INFO Checking for new candle...
2026-05-01 19:04:36,616 INFO Checking for new candle...
2026-05-01 19:04:37,618 INFO Checking for new candle...
2026-05-01 19:04:38,626 INFO Checking for new candle...
2026-05-01 19:04:39,633 INFO Checking for new candle...
2026-05-01 19:04:40,636 INFO Checking for new candle...
2026-05-01 19:04:41,638 INFO Checking for new candle...
2026-05-01 19:04:42,640 INFO Checking for new candle...
2026-05-01 19:04:43,648 INFO Checking for new candle...
2026-05-01 19:04:44,650 INFO Checking for new candle...
2026-05-01 19:04:45,655 INFO Checking for new candle...
2026-05-01 19:04:46,663 INFO Checking for new candle...
2026-05-01 19:04:47,669 INFO Checking for new candle...
2026-05-01 19:04:48,692 INFO Checking for new candle...
2026-05-01 19:04:49,699 INFO Checking for new candle...
2026-05-01 19:04:50,706 INFO Checking for new candle...
2026-05-01 19:04:51,709 INFO Checking for new candle...
2026-05-01 19:04:52,712 INFO Checking for new candle...
2026-05-01 19:04:53,714 INFO Checking for new candle...
2026-05-01 19:04:54,722 INFO Checking for new candle...
2026-05-01 19:04:55,725 INFO Checking for new candle...
2026-05-01 19:04:56,728 INFO Checking for new candle...
2026-05-01 19:04:57,731 INFO Checking for new candle...
2026-05-01 19:04:58,734 INFO Checking for new candle...
2026-05-01 19:04:59,740 INFO Checking for new candle...
2026-05-01 19:05:00,745 INFO Checking for new candle...
2026-05-01 19:05:01,752 INFO Checking for new candle...
2026-05-01 19:05:02,756 INFO Checking for new candle...
2026-05-01 19:05:03,762 INFO Checking for new candle...
2026-05-01 19:05:04,765 INFO Checking for new candle...
2026-05-01 19:05:05,769 INFO Checking for new candle...
2026-05-01 19:05:06,776 INFO Checking for new candle...
2026-05-01 19:05:07,782 INFO Checking for new candle...
2026-05-01 19:05:08,791 INFO Checking for new candle...
2026-05-01 19:05:09,794 INFO Checking for new candle...
2026-05-01 19:05:10,802 INFO Checking for new candle...
2026-05-01 19:05:11,808 INFO Checking for new candle...
2026-05-01 19:05:12,811 INFO Checking for new candle...
2026-05-01 19:05:13,816 INFO Checking for new candle...
2026-05-01 19:05:14,818 INFO Checking for new candle...
2026-05-01 19:05:15,821 INFO Checking for new candle...
2026-05-01 19:05:16,839 INFO Checking for new candle...
2026-05-01 19:05:17,854 INFO Checking for new candle...
2026-05-01 19:05:18,858 INFO Checking for new candle...
2026-05-01 19:05:19,860 INFO Checking for new candle...
2026-05-01 19:05:20,868 INFO Checking for new candle...
2026-05-01 19:05:21,870 INFO Checking for new candle...
2026-05-01 19:05:22,873 INFO Checking for new candle...
2026-05-01 19:05:23,891 INFO Checking for new candle...
2026-05-01 19:05:24,930 INFO Checking for new candle...
2026-05-01 19:05:25,932 INFO Checking for new candle...
2026-05-01 19:05:26,936 INFO Checking for new candle...
2026-05-01 19:05:27,944 INFO Checking for new candle...
2026-05-01 19:05:28,947 INFO Checking for new candle...
2026-05-01 19:05:29,949 INFO Checking for new candle...
2026-05-01 19:05:30,962 INFO Checking for new candle...
2026-05-01 19:05:31,967 INFO Checking for new candle...
2026-05-01 19:05:32,975 INFO Checking for new candle...
2026-05-01 19:05:33,977 INFO Checking for new candle...
2026-05-01 19:05:34,980 INFO Checking for new candle...
2026-05-01 19:05:35,982 INFO Checking for new candle...
2026-05-01 19:05:36,985 INFO Checking for new candle...
2026-05-01 19:05:37,989 INFO Checking for new candle...
2026-05-01 19:05:39,005 INFO Checking for new candle...
2026-05-01 19:05:40,011 INFO Checking for new candle...
2026-05-01 19:05:41,018 INFO Checking for new candle...
2026-05-01 19:05:42,025 INFO Checking for new candle...
2026-05-01 19:05:43,028 INFO Checking for new candle...
2026-05-01 19:05:44,031 INFO Checking for new candle...
2026-05-01 19:05:45,040 INFO Checking for new candle...
2026-05-01 19:05:46,043 INFO Checking for new candle...
2026-05-01 19:05:47,047 INFO Checking for new candle...
2026-05-01 19:05:48,050 INFO Checking for new candle...
2026-05-01 19:05:49,052 INFO Checking for new candle...
2026-05-01 19:05:50,060 INFO Checking for new candle...
2026-05-01 19:05:51,064 INFO Checking for new candle...
2026-05-01 19:05:52,067 INFO Checking for new candle...
2026-05-01 19:05:53,071 INFO Checking for new candle...
2026-05-01 19:05:54,073 INFO Checking for new candle...
2026-05-01 19:05:55,076 INFO Checking for new candle...
2026-05-01 19:05:56,079 INFO Checking for new candle...
2026-05-01 19:05:57,081 INFO Checking for new candle...
2026-05-01 19:05:58,084 INFO Checking for new candle...
2026-05-01 19:05:59,088 INFO Checking for new candle...
2026-05-01 19:06:00,090 INFO Checking for new candle...
2026-05-01 19:06:01,092 INFO Checking for new candle...
2026-05-01 19:06:02,099 INFO Checking for new candle...
2026-05-01 19:06:03,103 INFO Checking for new candle...
2026-05-01 19:06:04,105 INFO Checking for new candle...
2026-05-01 19:06:05,109 INFO Checking for new candle...
2026-05-01 19:06:06,113 INFO Checking for new candle...
2026-05-01 19:06:07,115 INFO Checking for new candle...
2026-05-01 19:06:08,125 INFO Checking for new candle...
2026-05-01 19:06:09,146 INFO Checking for new candle...
2026-05-01 19:06:10,149 INFO Checking for new candle...
2026-05-01 19:06:11,152 INFO Checking for new candle...
2026-05-01 19:06:12,159 INFO Checking for new candle...
2026-05-01 19:06:13,167 INFO Checking for new candle...
2026-05-01 19:06:14,171 INFO Checking for new candle...
2026-05-01 19:06:15,175 INFO Checking for new candle...
2026-05-01 19:06:16,182 INFO Checking for new candle...
2026-05-01 19:06:17,187 INFO Checking for new candle...
2026-05-01 19:06:18,189 INFO Checking for new candle...
2026-05-01 19:06:19,192 INFO Checking for new candle...
2026-05-01 19:06:20,194 INFO Checking for new candle...
2026-05-01 19:06:21,199 INFO Checking for new candle...
2026-05-01 19:06:22,201 INFO Checking for new candle...
2026-05-01 19:06:23,204 INFO Checking for new candle...
2026-05-01 19:06:24,213 INFO Checking for new candle...
2026-05-01 19:06:25,217 INFO Checking for new candle...
2026-05-01 19:06:26,225 INFO Checking for new candle...
2026-05-01 19:06:27,232 INFO Checking for new candle...
2026-05-01 19:06:28,242 INFO Checking for new candle...
2026-05-01 19:06:29,245 INFO Checking for new candle...
2026-05-01 19:06:30,249 INFO Checking for new candle...
2026-05-01 19:06:31,257 INFO Checking for new candle...
2026-05-01 19:06:32,263 INFO Checking for new candle...
2026-05-01 19:06:33,265 INFO Checking for new candle...
2026-05-01 19:06:34,270 INFO Checking for new candle...
2026-05-01 19:06:35,271 INFO Checking for new candle...
2026-05-01 19:06:36,274 INFO Checking for new candle...
2026-05-01 19:06:37,282 INFO Checking for new candle...
2026-05-01 19:06:38,295 INFO Checking for new candle...
2026-05-01 19:06:39,298 INFO Checking for new candle...
2026-05-01 19:06:40,300 INFO Checking for new candle...
2026-05-01 19:06:41,303 INFO Checking for new candle...
2026-05-01 19:06:42,307 INFO Checking for new candle...
2026-05-01 19:06:43,315 INFO Checking for new candle...
2026-05-01 19:06:44,319 INFO Checking for new candle...
2026-05-01 19:06:45,321 INFO Checking for new candle...
2026-05-01 19:06:46,326 INFO Checking for new candle...
2026-05-01 19:06:47,331 INFO Checking for new candle...
2026-05-01 19:06:48,336 INFO Checking for new candle...
2026-05-01 19:06:49,339 INFO Checking for new candle...
2026-05-01 19:06:50,342 INFO Checking for new candle...
2026-05-01 19:06:51,345 INFO Checking for new candle...
2026-05-01 19:06:52,348 INFO Checking for new candle...
2026-05-01 19:06:53,351 INFO Checking for new candle...
2026-05-01 19:06:54,354 INFO Checking for new candle...
2026-05-01 19:06:55,356 INFO Checking for new candle...
2026-05-01 19:06:56,359 INFO Checking for new candle...
2026-05-01 19:06:57,368 INFO Checking for new candle...
2026-05-01 19:06:58,374 INFO Checking for new candle...
2026-05-01 19:06:59,376 INFO Checking for new candle...
2026-05-01 19:07:00,378 INFO Checking for new candle...
2026-05-01 19:07:01,381 INFO Checking for new candle...
2026-05-01 19:07:02,384 INFO Checking for new candle...
2026-05-01 19:07:03,387 INFO Checking for new candle...
2026-05-01 19:07:04,389 INFO Checking for new candle...
2026-05-01 19:07:05,392 INFO Checking for new candle...
2026-05-01 19:07:06,398 INFO Checking for new candle...
2026-05-01 19:07:07,434 INFO Checking for new candle...
2026-05-01 19:07:08,449 INFO Checking for new candle...
2026-05-01 19:07:09,464 INFO Checking for new candle...
2026-05-01 19:07:10,477 INFO Checking for new candle...
2026-05-01 19:07:11,489 INFO Checking for new candle...
2026-05-01 19:07:12,500 INFO Checking for new candle...
2026-05-01 19:07:13,511 INFO Checking for new candle...
2026-05-01 19:07:14,520 INFO Checking for new candle...
2026-05-01 19:07:15,529 INFO Checking for new candle...
2026-05-01 19:07:16,535 INFO Checking for new candle...
2026-05-01 19:07:17,543 INFO Checking for new candle...
2026-05-01 19:07:18,548 INFO Checking for new candle...
2026-05-01 19:07:19,554 INFO Checking for new candle...
2026-05-01 19:07:20,560 INFO Checking for new candle...
2026-05-01 19:07:21,565 INFO Checking for new candle...
2026-05-01 19:07:22,570 INFO Checking for new candle...
2026-05-01 19:07:23,574 INFO Checking for new candle...
2026-05-01 19:07:24,577 INFO Checking for new candle...
2026-05-01 19:07:25,582 INFO Checking for new candle...
2026-05-01 19:07:26,585 INFO Checking for new candle...
2026-05-01 19:07:27,589 INFO Checking for new candle...
2026-05-01 19:07:28,593 INFO Checking for new candle...
2026-05-01 19:07:29,595 INFO Checking for new candle...
2026-05-01 19:07:30,599 INFO Checking for new candle...
2026-05-01 19:07:31,601 INFO Checking for new candle...
2026-05-01 19:07:32,605 INFO Checking for new candle...
2026-05-01 19:07:33,610 INFO Checking for new candle...
2026-05-01 19:07:34,613 INFO Checking for new candle...
2026-05-01 19:07:35,616 INFO Checking for new candle...
2026-05-01 19:07:36,625 INFO Checking for new candle...
2026-05-01 19:07:37,633 INFO Checking for new candle...
2026-05-01 19:07:38,648 INFO Checking for new candle...
2026-05-01 19:07:39,654 INFO Checking for new candle...
2026-05-01 19:07:40,678 INFO Checking for new candle...
2026-05-01 19:07:41,699 INFO Checking for new candle...
2026-05-01 19:07:42,709 INFO Checking for new candle...
2026-05-01 19:07:43,719 INFO Checking for new candle...
2026-05-01 19:07:44,723 INFO Checking for new candle...
2026-05-01 19:07:45,732 INFO Checking for new candle...
2026-05-01 19:07:46,738 INFO Checking for new candle...
2026-05-01 19:07:47,746 INFO Checking for new candle...
2026-05-01 19:07:48,752 INFO Checking for new candle...
2026-05-01 19:07:49,760 INFO Checking for new candle...
2026-05-01 19:07:50,768 INFO Checking for new candle...
2026-05-01 19:07:51,777 INFO Checking for new candle...
2026-05-01 19:07:52,784 INFO Checking for new candle...
2026-05-01 19:07:53,793 INFO Checking for new candle...
2026-05-01 19:07:54,799 INFO Checking for new candle...
2026-05-01 19:07:55,807 INFO Checking for new candle...
2026-05-01 19:07:56,814 INFO Checking for new candle...
2026-05-01 19:07:57,821 INFO Checking for new candle...
2026-05-01 19:07:58,829 INFO Checking for new candle...
2026-05-01 19:07:59,837 INFO Checking for new candle...
2026-05-01 19:08:00,844 INFO Checking for new candle...
2026-05-01 19:08:01,851 INFO Checking for new candle...
2026-05-01 19:08:02,858 INFO Checking for new candle...
2026-05-01 19:08:03,866 INFO Checking for new candle...
2026-05-01 19:08:04,874 INFO Checking for new candle...
2026-05-01 19:08:05,877 INFO Checking for new candle...
2026-05-01 19:08:06,884 INFO Checking for new candle...
2026-05-01 19:08:07,895 INFO Checking for new candle...
2026-05-01 19:08:08,903 INFO Checking for new candle...
2026-05-01 19:08:09,911 INFO Checking for new candle...
2026-05-01 19:08:10,919 INFO Checking for new candle...
2026-05-01 19:08:11,926 INFO Checking for new candle...
2026-05-01 19:08:12,934 INFO Checking for new candle...
2026-05-01 19:08:13,941 INFO Checking for new candle...
2026-05-01 19:08:14,948 INFO Checking for new candle...
2026-05-01 19:08:15,956 INFO Checking for new candle...
2026-05-01 19:08:16,964 INFO Checking for new candle...
2026-05-01 19:08:17,973 INFO Checking for new candle...
2026-05-01 19:08:18,978 INFO Checking for new candle...
2026-05-01 19:08:19,987 INFO Checking for new candle...
2026-05-01 19:08:20,995 INFO Checking for new candle...
2026-05-01 19:08:22,000 INFO Checking for new candle...
2026-05-01 19:08:23,007 INFO Checking for new candle...
2026-05-01 19:08:24,014 INFO Checking for new candle...
2026-05-01 19:08:25,030 INFO Checking for new candle...
2026-05-01 19:08:26,041 INFO Checking for new candle...
2026-05-01 19:08:27,048 INFO Checking for new candle...
2026-05-01 19:08:28,056 INFO Checking for new candle...
2026-05-01 19:08:29,062 INFO Checking for new candle...
2026-05-01 19:08:30,065 INFO Checking for new candle...
2026-05-01 19:08:31,072 INFO Checking for new candle...
2026-05-01 19:08:32,080 INFO Checking for new candle...
2026-05-01 19:08:33,085 INFO Checking for new candle...
2026-05-01 19:08:34,094 INFO Checking for new candle...
2026-05-01 19:08:35,102 INFO Checking for new candle...
2026-05-01 19:08:36,105 INFO Checking for new candle...
2026-05-01 19:08:37,114 INFO Checking for new candle...
2026-05-01 19:08:38,121 INFO Checking for new candle...
2026-05-01 19:08:39,139 INFO Checking for new candle...
2026-05-01 19:08:40,144 INFO Checking for new candle...
2026-05-01 19:08:41,149 INFO Checking for new candle...
2026-05-01 19:08:42,151 INFO Checking for new candle...
2026-05-01 19:08:43,159 INFO Checking for new candle...
2026-05-01 19:08:44,168 INFO Checking for new candle...
2026-05-01 19:08:45,174 INFO Checking for new candle...
2026-05-01 19:08:46,177 INFO Checking for new candle...
2026-05-01 19:08:47,179 INFO Checking for new candle...
2026-05-01 19:08:48,186 INFO Checking for new candle...
2026-05-01 19:08:49,200 INFO Checking for new candle...
2026-05-01 19:08:50,204 INFO Checking for new candle...
2026-05-01 19:08:51,212 INFO Checking for new candle...
2026-05-01 19:08:52,219 INFO Checking for new candle...
2026-05-01 19:08:53,226 INFO Checking for new candle...
2026-05-01 19:08:54,230 INFO Checking for new candle...
2026-05-01 19:08:55,234 INFO Checking for new candle...
2026-05-01 19:08:56,241 INFO Checking for new candle...
2026-05-01 19:08:57,244 INFO Checking for new candle...
2026-05-01 19:08:58,253 INFO Checking for new candle...
2026-05-01 19:08:59,258 INFO Checking for new candle...
2026-05-01 19:09:00,261 INFO Checking for new candle...
2026-05-01 19:09:01,264 INFO Checking for new candle...
2026-05-01 19:09:02,275 INFO Checking for new candle...
2026-05-01 19:09:03,277 INFO Checking for new candle...
2026-05-01 19:09:04,284 INFO Checking for new candle...
2026-05-01 19:09:05,292 INFO Checking for new candle...
2026-05-01 19:09:06,299 INFO Checking for new candle...
2026-05-01 19:09:07,306 INFO Checking for new candle...
2026-05-01 19:09:08,314 INFO Checking for new candle...
2026-05-01 19:09:09,320 INFO Checking for new candle...
2026-05-01 19:09:10,328 INFO Checking for new candle...
2026-05-01 19:09:11,332 INFO Checking for new candle...
2026-05-01 19:09:12,334 INFO Checking for new candle...
2026-05-01 19:09:13,337 INFO Checking for new candle...
2026-05-01 19:09:14,341 INFO Checking for new candle...
2026-05-01 19:09:15,343 INFO Checking for new candle...
2026-05-01 19:09:16,349 INFO Checking for new candle...
2026-05-01 19:09:17,357 INFO Checking for new candle...
2026-05-01 19:09:18,359 INFO Checking for new candle...
2026-05-01 19:09:19,362 INFO Checking for new candle...
2026-05-01 19:09:20,365 INFO Checking for new candle...
2026-05-01 19:09:21,375 INFO Checking for new candle...
2026-05-01 19:09:22,384 INFO Checking for new candle...
2026-05-01 19:09:23,391 INFO Checking for new candle...
2026-05-01 19:09:24,394 INFO Checking for new candle...
2026-05-01 19:09:25,403 INFO Checking for new candle...
2026-05-01 19:09:26,410 INFO Checking for new candle...
2026-05-01 19:09:27,422 INFO Checking for new candle...
2026-05-01 19:09:28,425 INFO Checking for new candle...
2026-05-01 19:09:29,443 INFO Checking for new candle...
2026-05-01 19:09:30,445 INFO Checking for new candle...
2026-05-01 19:09:31,448 INFO Checking for new candle...
2026-05-01 19:09:32,491 INFO Checking for new candle...
2026-05-01 19:09:33,508 INFO Checking for new candle...
2026-05-01 19:09:34,513 INFO Checking for new candle...
2026-05-01 19:09:35,530 INFO Checking for new candle...
2026-05-01 19:09:36,545 INFO Checking for new candle...
2026-05-01 19:09:37,548 INFO Checking for new candle...
2026-05-01 19:09:38,550 INFO Checking for new candle...
2026-05-01 19:09:39,561 INFO Checking for new candle...
2026-05-01 19:09:40,572 INFO Checking for new candle...
2026-05-01 19:09:41,576 INFO Checking for new candle...
2026-05-01 19:09:42,581 INFO Checking for new candle...
2026-05-01 19:09:43,589 INFO Checking for new candle...
2026-05-01 19:09:44,600 INFO Checking for new candle...
2026-05-01 19:09:45,606 INFO Checking for new candle...
2026-05-01 19:09:46,614 INFO Checking for new candle...
2026-05-01 19:09:47,448 INFO Shutdown requested by user
2026-05-01 19:09:47,451 INFO MT5 DISCONNECTED CLEANLY
